// Jest Snapshot v1, https://goo.gl/fbAQLP

exports[`ProfessionalLinks matches the snapshot 1`] = `
<DocumentFragment>
  <nav
    class="flex items-center gap-2 text-xl mt-2"
  >
    <a
      class="hover:text-blue-main hover:underline transition-colors duration-200"
      href="https://github.com/tjpetzIII"
    >
      GitHub
    </a>
    <span
      class="text-gray-400"
    >
      |
    </span>
    <a
      class="hover:text-blue-main hover:underline transition-colors duration-200"
      href="https://www.linkedin.com/in/tpetz1/"
    >
      LinkedIn
    </a>
  </nav>
</DocumentFragment>
`;
